javac : 
user\extend\Plugins\IndicatorRREnforcer\IndicatorRREnforcerPlugin.java:3: 
error: package org.eclipse.jetty.server does not exist
Au caractère Ligne:1 : 60
+ ... r-plugin" ; javac -d . -cp "lib/*" user/extend/Plugins/IndicatorRREnf ...
+                 ~~~~~~~~~~~~~~~~~~~~~~~~~~~~~~~~~~~~~~~~~~~~~~~~~~~~~~~~~
    + CategoryInfo          : NotSpecified: (user\extend\Plu... does not exist 
   :String) [], RemoteException
    + FullyQualifiedErrorId : NativeCommandError
 
import org.eclipse.jetty.server.Handler;
                               ^
user\extend\Plugins\IndicatorRREnforcer\IndicatorRREnforcerPlugin.java:4: 
error: package org.eclipse.jetty.servlet does not exist
import org.eclipse.jetty.servlet.ServletContextHandler;
                                ^
user\extend\Plugins\IndicatorRREnforcer\IndicatorRREnforcerPlugin.java:5: 
error: package org.eclipse.jetty.servlet does not exist
import org.eclipse.jetty.servlet.ServletHolder;
                                ^
user\extend\Plugins\IndicatorRREnforcer\IndicatorRREnforcerPlugin.java:6: 
error: package org.slf4j does not exist
import org.slf4j.Logger;
                ^
user\extend\Plugins\IndicatorRREnforcer\IndicatorRREnforcerPlugin.java:7: 
error: package org.slf4j does not exist
import org.slf4j.LoggerFactory;
                ^
user\extend\Plugins\IndicatorRREnforcer\IndicatorRREnforcerPlugin.java:9: 
error: package com.strategyquant.pluginlib does not exist
import com.strategyquant.pluginlib.ISQPlugin;
                                  ^
user\extend\Plugins\IndicatorRREnforcer\IndicatorRREnforcerPlugin.java:10: 
error: package com.strategyquant.pluginlib.annotations does not exist
import com.strategyquant.pluginlib.annotations.Category;
                                              ^
user\extend\Plugins\IndicatorRREnforcer\IndicatorRREnforcerPlugin.java:11: 
error: package com.strategyquant.pluginlib.annotations does not exist
import com.strategyquant.pluginlib.annotations.License;
                                              ^
user\extend\Plugins\IndicatorRREnforcer\IndicatorRREnforcerPlugin.java:12: 
error: package com.strategyquant.pluginlib.annotations does not exist
import com.strategyquant.pluginlib.annotations.Name;
                                              ^
user\extend\Plugins\IndicatorRREnforcer\IndicatorRREnforcerPlugin.java:13: 
error: package com.strategyquant.pluginlib.annotations does not exist
import com.strategyquant.pluginlib.annotations.ShortDesc;
                                              ^
user\extend\Plugins\IndicatorRREnforcer\IndicatorRREnforcerPlugin.java:14: 
error: package com.strategyquant.tradinglib.servlet does not exist
import com.strategyquant.tradinglib.servlet.IServletPlugin;
                                           ^
user\extend\Plugins\IndicatorRREnforcer\IndicatorRREnforcerPlugin.java:16: 
error: package net.xeoh.plugins.base.annotations does not exist
import net.xeoh.plugins.base.annotations.PluginImplementation;
                                        ^
user\extend\Plugins\IndicatorRREnforcer\IndicatorRREnforcerPlugin.java:17: 
error: package net.xeoh.plugins.base.annotations.meta does not exist
import net.xeoh.plugins.base.annotations.meta.Author;
                                             ^
user\extend\Plugins\IndicatorRREnforcer\IndicatorRREnforcerPlugin.java:25: 
error: cannot find symbol
public class IndicatorRREnforcerPlugin implements ISQPlugin, IServletPlugin {
                                                  ^
  symbol: class ISQPlugin
user\extend\Plugins\IndicatorRREnforcer\IndicatorRREnforcerPlugin.java:25: 
error: cannot find symbol
public class IndicatorRREnforcerPlugin implements ISQPlugin, IServletPlugin {
                                                             ^
  symbol: class IServletPlugin
user\extend\Plugins\IndicatorRREnforcer\IndicatorRREnforcerPlugin.java:19: 
error: cannot find symbol
@Author(name = "AnimateDread")
 ^
  symbol: class Author
user\extend\Plugins\IndicatorRREnforcer\IndicatorRREnforcerPlugin.java:20: 
error: cannot find symbol
@Name(name = "Indicator RR Enforcer")
 ^
  symbol: class Name
user\extend\Plugins\IndicatorRREnforcer\IndicatorRREnforcerPlugin.java:21: 
error: cannot find symbol
@Category(name = "Settings")
 ^
  symbol: class Category
user\extend\Plugins\IndicatorRREnforcer\IndicatorRREnforcerPlugin.java:22: 
error: cannot find symbol
@License(text = "")
 ^
  symbol: class License
user\extend\Plugins\IndicatorRREnforcer\IndicatorRREnforcerPlugin.java:23: 
error: cannot find symbol
@ShortDesc(text = "Adds indicator-level RR enforcement controls for Profit 
Target settings")
 ^
  symbol: class ShortDesc
user\extend\Plugins\IndicatorRREnforcer\IndicatorRREnforcerPlugin.java:24: 
error: cannot find symbol
@PluginImplementation
 ^
  symbol: class PluginImplementation
user\extend\Plugins\IndicatorRREnforcer\IndicatorRREnforcerPlugin.java:27: 
error: cannot find symbol
    public static final Logger Log = 
LoggerFactory.getLogger(IndicatorRREnforcerPlugin.class);
                        ^
  symbol:   class Logger
  location: class IndicatorRREnforcerPlugin
user\extend\Plugins\IndicatorRREnforcer\IndicatorRREnforcerPlugin.java:29: 
error: cannot find symbol
    private ServletContextHandler context;
            ^
  symbol:   class ServletContextHandler
  location: class IndicatorRREnforcerPlugin
user\extend\Plugins\IndicatorRREnforcer\IndicatorRREnforcerServlet.java:5: 
error: package org.json does not exist
import org.json.JSONObject;
               ^
user\extend\Plugins\IndicatorRREnforcer\IndicatorRREnforcerServlet.java:7: 
error: package com.strategyquant.webguilib.servlet does not exist
import com.strategyquant.webguilib.servlet.HttpJSONServlet;
                                          ^
user\extend\Plugins\IndicatorRREnforcer\IndicatorRREnforcerServlet.java:9: 
error: cannot find symbol
class IndicatorRREnforcerServlet extends HttpJSONServlet {
                                         ^
  symbol: class HttpJSONServlet
user\extend\Plugins\IndicatorRREnforcer\IndicatorRREnforcerPlugin.java:33: 
error: cannot find symbol
    public Handler getHandler() {
           ^
  symbol:   class Handler
  location: class IndicatorRREnforcerPlugin
user\extend\Plugins\IndicatorRREnforcer\IndicatorRREnforcerPlugin.java:27: 
error: cannot find symbol
    public static final Logger Log = 
LoggerFactory.getLogger(IndicatorRREnforcerPlugin.class);
                                     ^
  symbol:   variable LoggerFactory
  location: class IndicatorRREnforcerPlugin
user\extend\Plugins\IndicatorRREnforcer\IndicatorRREnforcerPlugin.java:32: 
error: getHandler() in IndicatorRREnforcerPlugin does not override or 
implement a method from a supertype
    @Override
    ^
user\extend\Plugins\IndicatorRREnforcer\IndicatorRREnforcerPlugin.java:38: 
error: cannot find symbol
            context = new 
ServletContextHandler(ServletContextHandler.SESSIONS);
                          ^
  symbol:   class ServletContextHandler
  location: class IndicatorRREnforcerPlugin
user\extend\Plugins\IndicatorRREnforcer\IndicatorRREnforcerPlugin.java:38: 
error: cannot find symbol
            context = new 
ServletContextHandler(ServletContextHandler.SESSIONS);
                                                ^
  symbol:   variable ServletContextHandler
  location: class IndicatorRREnforcerPlugin
user\extend\Plugins\IndicatorRREnforcer\IndicatorRREnforcerPlugin.java:40: 
error: cannot find symbol
            context.addServlet(new ServletHolder(servlet), "/*");
                                   ^
  symbol:   class ServletHolder
  location: class IndicatorRREnforcerPlugin
user\extend\Plugins\IndicatorRREnforcer\IndicatorRREnforcerPlugin.java:45: 
error: getProduct() in IndicatorRREnforcerPlugin does not override or 
implement a method from a supertype
    @Override
    ^
user\extend\Plugins\IndicatorRREnforcer\IndicatorRREnforcerPlugin.java:50: 
error: getPreferredPosition() in IndicatorRREnforcerPlugin does not override 
or implement a method from a supertype
    @Override
    ^
user\extend\Plugins\IndicatorRREnforcer\IndicatorRREnforcerPlugin.java:55: 
error: initPlugin() in IndicatorRREnforcerPlugin does not override or 
implement a method from a supertype
    @Override
    ^
user\extend\Plugins\IndicatorRREnforcer\IndicatorRREnforcerServlet.java:11: 
error: execute(String,Map<String,String[]>,String) in 
IndicatorRREnforcerServlet does not override or implement a method from a 
supertype
    @Override
    ^
user\extend\Plugins\IndicatorRREnforcer\IndicatorRREnforcerServlet.java:22: 
error: cannot find symbol
        JSONObject response = new JSONObject();
        ^
  symbol:   class JSONObject
  location: class IndicatorRREnforcerServlet
user\extend\Plugins\IndicatorRREnforcer\IndicatorRREnforcerServlet.java:22: 
error: cannot find symbol
        JSONObject response = new JSONObject();
                                  ^
  symbol:   class JSONObject
  location: class IndicatorRREnforcerServlet
38 errors
